// Jest Snapshot v1, https://goo.gl/fbAQLP

exports[`should render NotFoundPage correctly 1`] = `
<div>
  <h2>
    404 NOT FOUND!
  </h2>
  <Link
    replace={false}
    to="/"
  >
    Dashboard
  </Link>
</div>
`;
